Pipelined_Processor|D:/uni/y3 s1/Architecture ENCS4370/Projects/Project_2/Pipelined Processor/src/components.v_ControlUnit.v_DataMemory.v_DataPath.v_EXE_MEM.v_EXEStage.v_ID_EXE.v_IDStage.v_IF_ID.v_IFStage.v_InstructionMemory.v_MEM_WB.v_MEMStage.v_RegisterFile.v|../compile/refresh.tmp|../compile/vcp_cmd.encr|1737055707.00
